## Error Type
Console Error

## Error Message
Can't perform a React state update on a component that hasn't mounted yet. This indicates that you have a side-effect in your render function that asynchronously tries to update the component. Move this work to useEffect instead.


    at StandardDataGrid (src/components/common/standard-data-grid.tsx:71:9)
    at LeadListDetailPage (src/app/dashboard/lists/[id]/page.tsx:255:21)

## Code Frame
  69 |
  70 |     return (
> 71 |         <DataGrid
     |         ^
  72 |             autoHeight
  73 |             {...props}
  74 |             rowSelectionModel={normalizedSelection}

Next.js version: 16.1.6 (Turbopack)

## Error Type
Console Error

## Error Message
Can't perform a React state update on a component that hasn't mounted yet. This indicates that you have a side-effect in your render function that asynchronously tries to update the component. Move this work to useEffect instead.


    at StandardDataGrid (src/components/common/standard-data-grid.tsx:71:9)
    at LeadListDetailPage (src/app/dashboard/lists/[id]/page.tsx:255:21)

## Code Frame
  69 |
  70 |     return (
> 71 |         <DataGrid
     |         ^
  72 |             autoHeight
  73 |             {...props}
  74 |             rowSelectionModel={normalizedSelection}

Next.js version: 16.1.6 (Turbopack)
## Error Type
Console Error

## Error Message
Can't perform a React state update on a component that hasn't mounted yet. This indicates that you have a side-effect in your render function that asynchronously tries to update the component. Move this work to useEffect instead.


    at StandardDataGrid (src/components/common/standard-data-grid.tsx:71:9)
    at LeadListDetailPage (src/app/dashboard/lists/[id]/page.tsx:255:21)

## Code Frame
  69 |
  70 |     return (
> 71 |         <DataGrid
     |         ^
  72 |             autoHeight
  73 |             {...props}
  74 |             rowSelectionModel={normalizedSelection}

Next.js version: 16.1.6 (Turbopack)
## Error Type
Console Error

## Error Message
Can't perform a React state update on a component that hasn't mounted yet. This indicates that you have a side-effect in your render function that asynchronously tries to update the component. Move this work to useEffect instead.


    at StandardDataGrid (src/components/common/standard-data-grid.tsx:71:9)
    at LeadListDetailPage (src/app/dashboard/lists/[id]/page.tsx:255:21)

## Code Frame
  69 |
  70 |     return (
> 71 |         <DataGrid
     |         ^
  72 |             autoHeight
  73 |             {...props}
  74 |             rowSelectionModel={normalizedSelection}

Next.js version: 16.1.6 (Turbopack)
## Error Type
Console Error

## Error Message
Can't perform a React state update on a component that hasn't mounted yet. This indicates that you have a side-effect in your render function that asynchronously tries to update the component. Move this work to useEffect instead.


    at StandardDataGrid (src/components/common/standard-data-grid.tsx:71:9)
    at LeadListDetailPage (src/app/dashboard/lists/[id]/page.tsx:255:21)

## Code Frame
  69 |
  70 |     return (
> 71 |         <DataGrid
     |         ^
  72 |             autoHeight
  73 |             {...props}
  74 |             rowSelectionModel={normalizedSelection}

Next.js version: 16.1.6 (Turbopack)
## Error Type
Console Error

## Error Message
Can't perform a React state update on a component that hasn't mounted yet. This indicates that you have a side-effect in your render function that asynchronously tries to update the component. Move this work to useEffect instead.


    at StandardDataGrid (src/components/common/standard-data-grid.tsx:71:9)
    at LeadListDetailPage (src/app/dashboard/lists/[id]/page.tsx:255:21)

## Code Frame
  69 |
  70 |     return (
> 71 |         <DataGrid
     |         ^
  72 |             autoHeight
  73 |             {...props}
  74 |             rowSelectionModel={normalizedSelection}

Next.js version: 16.1.6 (Turbopack)
## Error Type
Console Error

## Error Message
Can't perform a React state update on a component that hasn't mounted yet. This indicates that you have a side-effect in your render function that asynchronously tries to update the component. Move this work to useEffect instead.


    at StandardDataGrid (src/components/common/standard-data-grid.tsx:71:9)
    at LeadListDetailPage (src/app/dashboard/lists/[id]/page.tsx:255:21)

## Code Frame
  69 |
  70 |     return (
> 71 |         <DataGrid
     |         ^
  72 |             autoHeight
  73 |             {...props}
  74 |             rowSelectionModel={normalizedSelection}

Next.js version: 16.1.6 (Turbopack)
## Error Type
Console Error

## Error Message
Can't perform a React state update on a component that hasn't mounted yet. This indicates that you have a side-effect in your render function that asynchronously tries to update the component. Move this work to useEffect instead.


    at StandardDataGrid (src/components/common/standard-data-grid.tsx:71:9)
    at LeadListDetailPage (src/app/dashboard/lists/[id]/page.tsx:255:21)

## Code Frame
  69 |
  70 |     return (
> 71 |         <DataGrid
     |         ^
  72 |             autoHeight
  73 |             {...props}
  74 |             rowSelectionModel={normalizedSelection}

Next.js version: 16.1.6 (Turbopack)
## Error Type
Console Error

## Error Message
Can't perform a React state update on a component that hasn't mounted yet. This indicates that you have a side-effect in your render function that asynchronously tries to update the component. Move this work to useEffect instead.


    at StandardDataGrid (src/components/common/standard-data-grid.tsx:71:9)
    at LeadListDetailPage (src/app/dashboard/lists/[id]/page.tsx:255:21)

## Code Frame
  69 |
  70 |     return (
> 71 |         <DataGrid
     |         ^
  72 |             autoHeight
  73 |             {...props}
  74 |             rowSelectionModel={normalizedSelection}

Next.js version: 16.1.6 (Turbopack)
## Error Type
Console Error

## Error Message
Can't perform a React state update on a component that hasn't mounted yet. This indicates that you have a side-effect in your render function that asynchronously tries to update the component. Move this work to useEffect instead.


    at StandardDataGrid (src/components/common/standard-data-grid.tsx:71:9)
    at LeadListDetailPage (src/app/dashboard/lists/[id]/page.tsx:255:21)

## Code Frame
  69 |
  70 |     return (
> 71 |         <DataGrid
     |         ^
  72 |             autoHeight
  73 |             {...props}
  74 |             rowSelectionModel={normalizedSelection}

Next.js version: 16.1.6 (Turbopack)
## Error Type
Console Error

## Error Message
Can't perform a React state update on a component that hasn't mounted yet. This indicates that you have a side-effect in your render function that asynchronously tries to update the component. Move this work to useEffect instead.


    at StandardDataGrid (src/components/common/standard-data-grid.tsx:71:9)
    at LeadListDetailPage (src/app/dashboard/lists/[id]/page.tsx:255:21)

## Code Frame
  69 |
  70 |     return (
> 71 |         <DataGrid
     |         ^
  72 |             autoHeight
  73 |             {...props}
  74 |             rowSelectionModel={normalizedSelection}

Next.js version: 16.1.6 (Turbopack)
## Error Type
Console Error

## Error Message
Can't perform a React state update on a component that hasn't mounted yet. This indicates that you have a side-effect in your render function that asynchronously tries to update the component. Move this work to useEffect instead.


    at StandardDataGrid (src/components/common/standard-data-grid.tsx:71:9)
    at LeadListDetailPage (src/app/dashboard/lists/[id]/page.tsx:255:21)

## Code Frame
  69 |
  70 |     return (
> 71 |         <DataGrid
     |         ^
  72 |             autoHeight
  73 |             {...props}
  74 |             rowSelectionModel={normalizedSelection}

Next.js version: 16.1.6 (Turbopack)
